// Jest Snapshot v1, https://goo.gl/fbAQLP

exports[`Pending Match to snapshot 1`] = `
<div>
  <div>
    <div>
      <div
        class="undefined undefined"
        data-testid="card-skeleton"
      >
        <div>
          <h2
            class="undefined undefined undefined undefined"
          />
          <p
            class="undefined undefined"
          />
          <div>
            <button
              class="undefined undefined
  undefined undefined
  undefined "
              type="button"
            />
            <button
              class="undefined undefined
  undefined undefined
  undefined "
              type="button"
            />
          </div>
        </div>
        <div>
          <p
            class="undefined undefined"
          />
          <div
            class="undefined undefined undefined"
          />
        </div>
      </div>
      <div
        class="undefined undefined"
        data-testid="card-skeleton"
      >
        <div>
          <h2
            class="undefined undefined undefined undefined"
          />
          <p
            class="undefined undefined"
          />
          <div>
            <button
              class="undefined undefined
  undefined undefined
  undefined "
              type="button"
            />
            <button
              class="undefined undefined
  undefined undefined
  undefined "
              type="button"
            />
          </div>
        </div>
        <div>
          <p
            class="undefined undefined"
          />
          <div
            class="undefined undefined undefined"
          />
        </div>
      </div>
      <div
        class="undefined undefined"
        data-testid="card-skeleton"
      >
        <div>
          <h2
            class="undefined undefined undefined undefined"
          />
          <p
            class="undefined undefined"
          />
          <div>
            <button
              class="undefined undefined
  undefined undefined
  undefined "
              type="button"
            />
            <button
              class="undefined undefined
  undefined undefined
  undefined "
              type="button"
            />
          </div>
        </div>
        <div>
          <p
            class="undefined undefined"
          />
          <div
            class="undefined undefined undefined"
          />
        </div>
      </div>
      <div
        class="undefined undefined"
        data-testid="card-skeleton"
      >
        <div>
          <h2
            class="undefined undefined undefined undefined"
          />
          <p
            class="undefined undefined"
          />
          <div>
            <button
              class="undefined undefined
  undefined undefined
  undefined "
              type="button"
            />
            <button
              class="undefined undefined
  undefined undefined
  undefined "
              type="button"
            />
          </div>
        </div>
        <div>
          <p
            class="undefined undefined"
          />
          <div
            class="undefined undefined undefined"
          />
        </div>
      </div>
      <div
        class="undefined undefined"
        data-testid="card-skeleton"
      >
        <div>
          <h2
            class="undefined undefined undefined undefined"
          />
          <p
            class="undefined undefined"
          />
          <div>
            <button
              class="undefined undefined
  undefined undefined
  undefined "
              type="button"
            />
            <button
              class="undefined undefined
  undefined undefined
  undefined "
              type="button"
            />
          </div>
        </div>
        <div>
          <p
            class="undefined undefined"
          />
          <div
            class="undefined undefined undefined"
          />
        </div>
      </div>
      <div
        class="undefined undefined"
        data-testid="card-skeleton"
      >
        <div>
          <h2
            class="undefined undefined undefined undefined"
          />
          <p
            class="undefined undefined"
          />
          <div>
            <button
              class="undefined undefined
  undefined undefined
  undefined "
              type="button"
            />
            <button
              class="undefined undefined
  undefined undefined
  undefined "
              type="button"
            />
          </div>
        </div>
        <div>
          <p
            class="undefined undefined"
          />
          <div
            class="undefined undefined undefined"
          />
        </div>
      </div>
    </div>
  </div>
</div>
`;
